Compiling 24 files with Solc 0.8.33
